
> vite_react_shadcn_ts@0.0.0 build
> vite build

[36mvite v5.4.19 [32mbuilding for production...[36m[39m
transforming...
Browserslist: browsers data (caniuse-lite) is 10 months old. Please run:
  npx update-browserslist-db@latest
  Why you should do it regularly: https://github.com/browserslist/update-db#readme
[32m✓[39m 2941 modules transformed.
[31mx[39m Build failed in 13.27s
[31merror during build:
[31msrc/pages/AdminVerifications.tsx (19:2): "getPendingSubscriptions" is not exported by "src/data/api.ts", imported by "src/pages/AdminVerifications.tsx".[31m
file: [36mC:/Users/francisco.mucamba/Documents/Saka Service/SakaService/src/pages/AdminVerifications.tsx:19:2[31m
[33m
17:   updateCategory,
18:   getCategories,
19:   getPendingSubscriptions,
      ^
20:   getAllSubscriptions,
21:   approveSubscription,
[31m
    at getRollupError (file:///C:/Users/francisco.mucamba/Documents/Saka%20Service/SakaService/node_modules/rollup/dist/es/shared/parseAst.js:395:41)
    at error (file:///C:/Users/francisco.mucamba/Documents/Saka%20Service/SakaService/node_modules/rollup/dist/es/shared/parseAst.js:391:42)
    at Module.error (file:///C:/Users/francisco.mucamba/Documents/Saka%20Service/SakaService/node_modules/rollup/dist/es/shared/node-entry.js:15535:16)
    at Module.traceVariable (file:///C:/Users/francisco.mucamba/Documents/Saka%20Service/SakaService/node_modules/rollup/dist/es/shared/node-entry.js:15984:29)
    at ModuleScope.findVariable (file:///C:/Users/francisco.mucamba/Documents/Saka%20Service/SakaService/node_modules/rollup/dist/es/shared/node-entry.js:13770:39)
    at ReturnValueScope.findVariable (file:///C:/Users/francisco.mucamba/Documents/Saka%20Service/SakaService/node_modules/rollup/dist/es/shared/node-entry.js:5252:38)
    at FunctionBodyScope.findVariable (file:///C:/Users/francisco.mucamba/Documents/Saka%20Service/SakaService/node_modules/rollup/dist/es/shared/node-entry.js:5252:38)
    at Identifier.bind (file:///C:/Users/francisco.mucamba/Documents/Saka%20Service/SakaService/node_modules/rollup/dist/es/shared/node-entry.js:5035:40)
    at Property.bind (file:///C:/Users/francisco.mucamba/Documents/Saka%20Service/SakaService/node_modules/rollup/dist/es/shared/node-entry.js:2855:23)
    at ObjectExpression.bind (file:///C:/Users/francisco.mucamba/Documents/Saka%20Service/SakaService/node_modules/rollup/dist/es/shared/node-entry.js:2851:28)[39m
